
> policyforge-frontend@0.1.0 dev
> vite

Port 5173 is in use, trying another one...
Port 5174 is in use, trying another one...
Port 5175 is in use, trying another one...
Port 5176 is in use, trying another one...
Port 5177 is in use, trying another one...
Port 5178 is in use, try[2m3:17:52 PM[22m [36m[1m[vite][22m[39m [90m[2m(client)[22m[39m [32mhmr update [39m[2m/src/pages/BusPage.jsx, /src/index.css[22m
[2m3:31:38 PM[22m [36m[1m[vite][22m[39m [90m[2m(client)[22m[39m [32mhmr update [39m[2m/src/index.css, /src/pages/BusPage.jsx[22m
[2m3:33:00 PM[22m [36m[1m[vite][22m[39m [90m[2m(client)[22m[39m [32mhmr update [39m[2m/src/pages/GstPage.jsx, /src/index.css[22m
[2m3:33:00 PM[22m [36m[1m[vite][22m[39m [90m[2m(client)[22m[39m [33mhmr invalidate [39m[2m/src/pages/GstPage.jsx[22m Could not Fast Refresh (export removed)
[2m3:33:00 PM[22m [36m[1m[vite][22m[39m [90m[2m(client)[22m[39m [32mhmr update [39m[2m/src/App.jsx, /src/index.css[22m
[2m3:39:21 PM[22m [36m[1m[vite][22m[39m [90m[2m(client)[22m[39m [32mhmr update [39m[2m/src/App.jsx, /src/index.css[22m
[2m3:39:31 PM[22m [36m[1m[vite][22m[39m [90m[2m(client)[22m[39m [32mhmr update [39m[2m/src/components/Navbar.jsx, /src/index.css[22m
[2m3:39:43 PM[22m [36m[1m[vite][22m[39m [90m[2m(client)[22m[39m [32mhmr update [39m[2m/src/components/bus/ModelAssumptions.jsx, /src/index.css[22m
[2m3:39:54 PM[22m [36m[1m[vite][22m[39m [90m[2m(client)[22m[39m [32mhmr update [39m[2m/src/components/bus/BreakingPointCard.jsx, /src/index.css[22m
[2m3:40:08 PM[22m [36m[1m[vite][22m[39m [90m[2m(client)[22m[39m [32mhmr update [39m[2m/src/components/bus/ScenarioCaseCards.jsx, /src/index.css[22m
[2m3:40:17 PM[22m [36m[1m[vite][22m[39m [90m[2m(client)[22m[39m [32mhmr update [39m[2m/src/components/bus/ScenarioCaseCards.jsx, /src/index.css[22m
[2m3:40:30 PM[22m [36m[1m[vite][22m[39m [90m[2m(client)[22m[39m [32mhmr update [39m[2m/src/components/bus/RiskDriversCard.jsx, /src/index.css[22m
[2m3:40:37 PM[22m [36m[1m[vite][22m[39m [90m[2m(client)[22m[39m [32mhmr update [39m[2m/src/components/bus/RiskBreakdown.jsx, /src/index.css[22m
[2m3:40:53 PM[22m [36m[1m[vite][22m[39m [90m[2m(client)[22m[39m [32mhmr update [39m[2m/src/components/bus/AIPolicyAnalyst.jsx, /src/index.css[22m
[2m3:41:01 PM[22m [36m[1m[vite][22m[39m [90m[2m(client)[22m[39m [32mhmr update [39m[2m/src/components/bus/AIPolicyAnalyst.jsx, /src/index.css[22m
[2m3:41:26 PM[22m [36m[1m[vite][22m[39m [90m[2m(client)[22m[39m [32mhmr update [39m[2m/src/components/bus/AttackPolicyButton.jsx, /src/index.css[22m
[2m3:41:34 PM[22m [36m[1m[vite][22m[39m [90m[2m(client)[22m[39m [32mhmr update [39m[2m/src/pages/BusPage.jsx, /src/index.css[22m
[2m3:41:44 PM[22m [36m[1m[vite][22m[39m [90m[2m(client)[22m[39m [32mhmr update [39m[2m/src/pages/BusPage.jsx, /src/index.css[22m
[2m3:41:53 PM[22m [36m[1m[vite][22m[39m [90m[2m(client)[22m[39m [32mhmr update [39m[2m/src/pages/BusPage.jsx, /src/index.css[22m
[2m3:42:01 PM[22m [36m[1m[vite][22m[39m [90m[2m(client)[22m[39m [32mhmr update [39m[2m/src/pages/BusPage.jsx, /src/index.css[22m
[2m3:42:14 PM[22m [36m[1m[vite][22m[39m [90m[2m(client)[22m[39m [32mhmr update [39m[2m/src/pages/BusPage.jsx, /src/index.css[22m
[2m3:42:23 PM[22m [36m[1m[vite][22m[39m [90m[2m(client)[22m[39m [32mhmr update [39m[2m/src/pages/BusPage.jsx, /src/index.css[22m
[2m3:42:32 PM[22m [36m[1m[vite][22m[39m [90m[2m(client)[22m[39m [32mhmr update [39m[2m/src/components/gst/GstModelAssumptions.jsx, /src/index.css[22m
[2m3:42:32 PM[22m [36m[1m[vite][22m[39m [90m[2m(client)[22m[39m [33mhmr invalidate [39m[2m/src/components/gst/GstModelAssumptions.jsx[22m Could not Fast Refresh (new export)
[2m3:42:32 PM[22m [36m[1m[vite][22m[39m [90m[2m(client)[22m[39m [32mhmr update [39m[2m/src/pages/GstPage.jsx, /src/index.css[22m
[2m3:42:52 PM[22m [36m[1m[vite][22m[39m [90m[2m(client)[22m[39m [32mhmr update [39m[2m/src/components/gst/GstStressTestSection.jsx, /src/index.css[22m
[2m3:42:52 PM[22m [36m[1m[vite][22m[39m [90m[2m(client)[22m[39m [33mhmr invalidate [39m[2m/src/components/gst/GstStressTestSection.jsx[22m Could not Fast Refresh (new export)
[2m3:42:52 PM[22m [36m[1m[vite][22m[39m [90m[2m(client)[22m[39m [32mhmr update [39m[2m/src/pages/GstPage.jsx, /src/index.css[22m
[2m3:43:06 PM[22m [36m[1m[vite][22m[39m [90m[2m(client)[22m[39m [32mhmr update [39m[2m/src/components/gst/GstRiskSection.jsx, /src/index.css[22m
[2m3:43:06 PM[22m [36m[1m[vite][22m[39m [90m[2m(client)[22m[39m [33mhmr invalidate [39m[2m/src/components/gst/GstRiskSection.jsx[22m Could not Fast Refresh (new export)
[2m3:43:06 PM[22m [36m[1m[vite][22m[39m [90m[2m(client)[22m[39m [2m3:43:06 PM[22m [36m[1m[vite][22m[39m [90m[2m(client)[22m[2m3:43:28 PM[22m [36m[1m[vite][22m[39m [90m[2m(client)[22m[39m [32mhmr update [39m[2m/src/components/gst/GstAIAnalystSection.jsx, /src/index.css[22m
[2m3:43:58 PM[22m [36m[1m[vite][22m[39m [90m[2m(client)[22m[39m [32mhmr update [39m[2m/src/pages/GstPage.jsx, /src/index.css[22m
[2m3:44:09 PM[22m [36m[1m[vite][22m[39m [90m[2m(client)[22m[39m [32mhmr update [39m[2m/src/pages/GstPage.jsx, /src/index.css[22m
[2m3:44:23 PM[22m [36m[1m[vite][22m[39m [90m[2m(client)[22m[39m [32mhmr update [39m[2m/src/pages/GstPage.jsx, /src/index.css[22m
[2m3:44:34 PM[22m [36m[1m[vite][22m[39m [90m[2m(client)[22m[39m [32mhmr update [39m[2m/src/pages/GstPage.jsx, /src/index.css[22m
m[vite][22m[39m [90m[2m(client)[22m[39m [32mhmr update [39m[2m/src/pages/GstPage.jsx, /src/index.css[22m
[2m3:44:34 PM[22m [36m[1m[vite][22m[39m [90m[2m(client)[22m[39m [32mhmr update [39m[2m/src/pages/GstPage.jsx, /src/index.css[22m
