[2m3:07:41 PM[22m [31m[1m[vite][22m[39m [31mhttp proxy error: /api/health[39m
AggregateError [ECONNREFUSED]: 
    at internalConnectMultiple (node:net:1339:18)
    at afterConnectMultiple (node:net:1942:7)
[2m3:07:41 PM[22m [31m[1m[vite][22m[39m [31mhttp proxy error: /api/health[39m
AggregateError [ECONNREFUSED]: 
    at internalConnectMultiple (node:net:1339:18)
    at afterConnectMultiple (node:net:1942:7)
[2m3:08:07 PM[22m [31m[1m[vite][22m[39m [31mhttp proxy error: /api/health[39m
AggregateError [ECONNREFUSED]: 
    at internalConnectMultiple (node:net:1339:18)
    at afterConnectMultiple (node:net:1942:7)
[2m3:08:07 PM[22m [31m[1m[vite][22m[39m [31mhttp proxy error: /api/health[39m
AggregateError [ECONNREFUSED]: 
    at internalConnectMultiple (node:net:1339:18)
    at afterConnectMultiple (node:net:1942:7)
[2m3:08:37 PM[22m [31m[1m[vite][22m[39m [31mhttp proxy error: /api/health[39m
AggregateError [ECONNREFUSED]: 
    at internalConnectMultiple (node:net:1339:18)
    at afterConnectMultiple (node:net:1942:7)
[2m3:08:45 PM[22m [31m[1m[vite][22m[39m [31mhttp proxy error: /api/bus/simulate[39m
AggregateError [ECONNREFUSED]: 
    at internalConnectMultiple (node:net:1339:18)
    at afterConnectMultiple (node:net:1942:7)
[2m3:08:45 PM[22m [31m[1m[vite][22m[39m [31mhttp proxy error: /api/bus/scenarios[39m
AggregateError [ECONNREFUSED]: 
    at internalConnectMultiple (node:net:1339:18)
    at afterConnectMultiple (node:net:1942:7)
[2m3:08:45 PM[22m [31m[1m[vite][22m[39m [31mhttp proxy error: /api/bus/stress-test[39m
AggregateError [ECONNREFUSED]: 
    at internalConnectMultiple (node:net:1339:18)
    at afterConnectMultiple (node:net:1942:7)
[2m3:08:45 PM[22m [31m[1m[vite][22m[39m [31mhttp proxy error: /api/bus/risk[39m
AggregateError [ECONNREFUSED]: 
    at internalConnectMultiple (node:net:1339:18)
    at afterConnectMultiple (node:net:1942:7)
[2m3:08:45 PM[22m [31m[1m[vite][22m[39m [31mhttp proxy error: /api/bus/scenarios[39m
AggregateError [ECONNREFUSED]: 
    at internalConnectMultiple (node:net:1339:18)
    at afterConnectMultiple (node:net:1942:7)
[2m3:08:45 PM[22m [31m[1m[vite][22m[39m [31mhttp proxy error: /api/bus/simulate[39m
AggregateError [ECONNREFUSED]: 
    at internalConnectMultiple (node:net:1339:18)
    at afterConnectMultiple (node:net:1942:7)
[2m3:08:45 PM[22m [31m[1m[vite][22m[39m [31mhttp proxy error: /api/bus/stress-test[39m
AggregateError [ECONNREFUSED]: 
    at internalConnectMultiple (node:net:1339:18)
    at afterConnectMultiple (node:net:1942:7)
[2m3:08:45 PM[22m [31m[1m[vite][22m[39m [31mhttp proxy error: /api/bus/risk[39m
AggregateError [ECONNREFUSED]: 
    at internalConnectMultiple (node:net:1339:18)
    at afterConnectMultiple (node:net:1942:7)
[2m3:09:07 PM[22m [31m[1m[vite][22m[39m [31mhttp proxy error: /api/health[39m
AggregateError [ECONNREFUSED]: 
    at internalConnectMultiple (node:net:1339:18)
    at afterConnectMultiple (node:net:1942:7)
[2m3:30:56 PM[22m [31m[1m[vite][22m[39m [31mhttp proxy error: /api/health[39m
AggregateError [ECONNREFUSED]: 
    at internalConnectMultiple (node:net:1339:18)
    at afterConnectMultiple (node:net:1942:7)
[2m3:31:39 PM[22m [31m[1m[vite][22m[39m [31mhttp proxy error: /api/bus/simulate[39m
AggregateError [ECONNREFUSED]: 
    at internalConnectMultiple (node:net:1339:18)
    at afterConnectMultiple (node:net:1942:7)
[2m3:31:39 PM[22m [31m[1m[vite][22m[39m [31mhttp proxy error: /api/bus/scenarios[39m
AggregateError [ECONNREFUSED]: 
    at internalConnectMultiple (node:net:1339:18)
    at afterConnectMultiple (node:net:1942:7)
[2m3:31:39 PM[22m [31m[1m[vite][22m[39m [31mhttp proxy error: /api/bus/stress-test[39m
AggregateError [ECONNREFUSED]: 
    at internalConnectMultiple (node:net:1339:18)
    at afterConnectMultiple (node:net:1942:7)
[2m3:31:39 PM[22m [31m[1m[vite][22m[39m [31mhttp proxy error: /api/bus/risk[39m
AggregateError [ECONNREFUSED]: 
    at internalConnectMultiple (node:net:1339:18)
    at afterConnectMultiple (node:net:1942:7)
[2m3:31:56 PM[22m [31m[1m[vite][22m[39m [31mhttp proxy error: /api/health[39m
AggregateError [ECONNREFUSED]: 
    at internalConnectMultiple (node:net:1339:18)
    at afterConnectMultiple (node:net:1942:7)
[2m3:32:56 PM[22m [31m[1m[vite][22m[39m [31mhttp proxy error: /api/health[39m
AggregateError [ECONNREFUSED]: 
    at internalConnectMultiple (node:net:1339:18)
    at afterConnectMultiple (node:net:1942:7)
[2m3:33:56 PM[22m [31m[1m[vite][22m[39m [31mhttp proxy error: /api/health[39m
AggregateError [ECONNREFUSED]: 
    at internalConnectMultiple (node:net:1339:18)
    at afterConnectMultiple (node:net:1942:7)
[2m3:34:56 PM[22m [31m[1m[vite][22m[39m [31mhttp proxy error: /api/health[39m
AggregateError [ECONNREFUSED]: 
    at internalConnectMultiple (node:net:1339:18)
    at afterConnectMultiple (node:net:1942:7)
[2m3:35:56 PM[22m [31m[1m[vite][22m[39m [31mhttp proxy error: /api/health[39m
AggregateError [ECONNREFUSED]: 
    at internalConnectMultiple (node:net:1339:18)
    at afterConnectMultiple (node:net:1942:7)
[2m3:36:56 PM[22m [31m[1m[vite][22m[39m [31mhttp proxy error: /api/health[39m
AggregateError [ECONNREFUSED]: 
    at internalConnectMultiple (node:net:1339:18)
    at afterConnectMultiple (node:net:1942:7)
[2m3:37:56 PM[22m [31m[1m[vite][22m[39m [31mhttp proxy error: /api/health[39m
AggregateError [ECONNREFUSED]: 
    at internalConnectMultiple (node:net:1339:18)
    at afterConnectMultiple (node:net:1942:7)
[2m3:38:56 PM[22m [31m[1m[vite][22m[39m [31mhttp proxy error: /api/health[39m
AggregateError [ECONNREFUSED]: 
    at internalConnectMultiple (node:net:1339:18)
    at afterConnectMultiple (node:net:1942:7)
[2m3:39:31 PM[22m [31m[1m[vite][22m[39m [31mhttp proxy error: /api/health[39m
AggregateError [ECONNREFUSED]: 
    at internalConnectMultiple (node:net:1339:18)
    at afterConnectMultiple (node:net:1942:7)
[2m3:40:02 PM[22m [31m[1m[vite][22m[39m [31mhttp proxy error: /api/health[39m
AggregateError [ECONNREFUSED]: 
    at internalConnectMultiple (node:net:1339:18)
    at afterConnectMultiple (node:net:1942:7)
[2m3:40:32 PM[22m [31m[1m[vite][22m[39m [31mhttp proxy error: /api/health[39m
AggregateError [ECONNREFUSED]: 
    at internalConnectMultiple (node:net:1339:18)
    at afterConnectMultiple (node:net:1942:7)
[2m3:40:54 PM[22m [31m[1m[vite][22m[39m [31mInternal server error: C:\Policy-plus\frontend\src\components\bus\AIPolicyAnalyst.jsx: Unterminated JSX contents. (383:10)

[0m [90m 381 |[31m         [33m<[31m[33m/[31m[33mdiv[31m[33m>[31m
 [90m 382 |[31m       )}
[31m[1m>[22m[31m[90m 383 |[31m     [33m<[31m[33m/[31m[33mdiv[31m[33m>[31m
 [90m     |[31m           [31m[1m^[22m[31m
 [90m 384 |[31m   )[33m;[31m
 [90m 385 |[31m }
 [90m 386 |[31m[0m[39m
  Plugin: [35mvite:react-babel[39m
  File: [36mC:/Policy-plus/frontend/src/components/bus/AIPolicyAnalyst.jsx[39m:383:10
[33m  381|          </div>
  382|        )}
  383|      </div>
     |            ^
  384|    );
  385|  }[39m
      at constructor (C:\Policy-plus\frontend\node_modules\@babel\parser\lib\index.js:369:19)
      at JSXParserMixin.raise (C:\Policy-plus\frontend\node_modules\@babel\parser\lib\index.js:6620:19)
      at JSXParserMixin.jsxReadToken (C:\Policy-plus\frontend\node_modules\@babel\parser\lib\index.js:4464:20)
      at JSXParserMixin.getTokenFromCode (C:\Policy-plus\frontend\node_modules\@babel\parser\lib\index.js:4790:12)
      at JSXParserMixin.nextToken (C:\Policy-plus\frontend\node_modules\@babel\parser\lib\index.js:5803:10)
      at JSXParserMixin.next (C:\Policy-plus\frontend\node_modules\@babel\parser\lib\index.js:5713:10)
      at JSXParserMixin.eat (C:\Policy-plus\frontend\node_modules\@babel\parser\lib\index.js:5717:12)
      at JSXParserMixin.expect (C:\Policy-plus\frontend\node_modules\@babel\parser\lib\index.js:6919:15)
      at JSXParserMixin.jsxParseClosingElementAt (C:\Policy-plus\frontend\node_modules\@babel\parser\lib\index.js:4696:10)
      at JSXParserMixin.jsxParseElementAt (C:\Policy-plus\frontend\node_modules\@babel\parser\lib\index.js:4711:37)
      at JSXParserMixin.jsxParseElementAt (C:\Policy-plus\frontend\node_modules\@babel\parser\lib\index.js:4714:32)
      at JSXParserMixin.jsxParseElementAt (C:\Policy-plus\frontend\node_modules\@babel\parser\lib\index.js:4714:32)
      at JSXParserMixin.jsxParseElement (C:\Policy-plus\frontend\node_modules\@babel\parser\lib\index.js:4765:17)
      at JSXParserMixin.parseExprAtom (C:\Policy-plus\frontend\node_modules\@babel\parser\lib\index.js:4775:19)
      at JSXParserMixin.parseExprSubscripts (C:\Policy-plus\frontend\node_modules\@babel\parser\lib\index.js:11102:23)
      at JSXParserMixin.parseUpdate (C:\Policy-plus\frontend\node_modules\@babel\parser\lib\index.js:11087:21)
      at JSXParserMixin.parseMaybeUnary (C:\Policy-plus\frontend\node_modules\@babel\parser\lib\index.js:11067:23)
      at JSXParserMixin.parseMaybeUnaryOrPrivate (C:\Policy-plus\frontend\node_modules\@babel\parser\lib\index.js:10920:61)
      at JSXParserMixin.parseExprOps (C:\Policy-plus\frontend\node_modules\@babel\parser\lib\index.js:10925:23)
      at JSXParserMixin.parseMaybeConditional (C:\Policy-plus\frontend\node_modules\@babel\parser\lib\index.js:10902:23)
      at JSXParserMixin.parseMaybeAssign (C:\Policy-plus\frontend\node_modules\@babel\parser\lib\index.js:10852:21)
      at C:\Policy-plus\frontend\node_modules\@babel\parser\lib\index.js:10821:39
      at JSXParserMixin.allowInAnd (C:\Policy-plus\frontend\node_modules\@babel\parser\lib\index.js:12455:12)
      at JSXParserMixin.parseMaybeAssignAllowIn (C:\Policy-plus\frontend\node_modules\@babel\parser\lib\index.js:10821:17)
      at JSXParserMixin.parseMaybeAssignAllowInOrVoidPattern (C:\Policy-plus\frontend\node_modules\@babel\parser\lib\index.js:12522:17)
      at JSXParserMixin.parseParenAndDistinguishExpression (C:\Policy-plus\frontend\node_modules\@babel\parser\lib\index.js:11701:28)
      at JSXParserMixin.parseExprAtom (C:\Policy-plus\frontend\node_modules\@babel\parser\lib\index.js:11357:23)
      at JSXParserMixin.parseExprAtom (C:\Policy-plus\frontend\node_modules\@babel\parser\lib\index.js:4780:20)
      at JSXParserMixin.parseExprSubscripts (C:\Policy-plus\frontend\node_modules\@babel\parser\lib\index.js:11102:23)
      at JSXParserMixin.parseUpdate (C:\Policy-plus\frontend\node_modules\@babel\parser\lib\index.js:11087:21)
      at JSXParserMixin.parseMaybeUnary (C:\Policy-plus\frontend\node_modules\@babel\parser\lib\index.js:11067:23)
      at JSXParserMixin.parseMaybeUnaryOrPrivate (C:\Policy-plus\frontend\node_modules\@babel\parser\lib\index.js:10920:61)
      at JSXParserMixin.parseExprOps (C:\Policy-plus\frontend\node_modules\@babel\parser\lib\index.js:10925:23)
      at JSXParserMixin.parseMaybeConditional (C:\Policy-plus\frontend\node_modules\@babel\parser\lib\index.js:10902:23)
      at JSXParserMixin.parseMaybeAssign (C:\Policy-plus\frontend\node_modules\@babel\parser\lib\index.js:10852:21)
      at JSXParserMixin.parseExpressionBase (C:\Policy-plus\frontend\node_modules\@babel\parser\lib\index.js:10805:23)
      at C:\Policy-plus\frontend\node_modules\@babel\parser\lib\index.js:10801:39
      at JSXParserMixin.allowInAnd (C:\Policy-plus\frontend\node_modules\@babel\parser\lib\index.js:12450:16)
      at JSXParserMixin.parseExpression (C:\Policy-plus\frontend\node_modules\@babel\parser\lib\index.js:10801:17)
      at JSXParserMixin.parseReturnStatement (C:\Policy-plus\frontend\node_modules\@babel\parser\lib\index.js:13171:28)
      at JSXParserMixin.parseStatementContent (C:\Policy-plus\frontend\node_modules\@babel\parser\lib\index.js:12827:21)
      at JSXParserMixin.parseStatementLike (C:\Policy-plus\frontend\node_modules\@babel\parser\lib\index.js:12796:17)
      at JSXParserMixin.parseStatementListItem (C:\Policy-plus\frontend\node_modules\@babel\parser\lib\index.js:12776:17)
      at JSXParserMixin.parseBlockOrModuleBlockBody (C:\Policy-plus\frontend\node_modules\@babel\parser\lib\index.js:13345:61)
      at JSXParserMixin.parseBlockBody (C:\Policy-plus\frontend\node_modules\@babel\parser\lib\index.js:13338:10)
      at JSXParserMixin.parseBlock (C:\Policy-plus\frontend\node_modules\@babel\parser\lib\index.js:13326:10)
      at JSXParserMixin.parseFunctionBody (C:\Policy-plus\frontend\node_modules\@babel\parser\lib\index.js:12129:24)
      at JSXParserMixin.parseFunctionBodyAndFinish (C:\Policy-plus\frontend\node_modules\@babel\parser\lib\index.js:12115:10)
      at C:\Policy-plus\frontend\node_modules\@babel\parser\lib\index.js:13474:12
      at JSXParserMixin.withSmartMixTopicForbiddingContext (C:\Policy-plus\frontend\node_modules\@babel\parser\lib\index.js:12432:14)
[2m3:41:02 PM[22m [31m[1m[vite][22m[39m [31mhttp proxy error: /api/health[39m
AggregateError [ECONNREFUSED]: 
    at internalConnectMultiple (node:net:1339:18)
    at afterConnectMultiple (node:net:1942:7)
[2m3:41:35 PM[22m [31m[1m[vite][22m[39m [31mhttp proxy error: /api/bus/simulate[39m
AggregateError [ECONNREFUSED]: 
    at internalConnectMultiple (node:net:1339:18)
    at afterConnectMultiple (node:net:1942:7)
[2m3:41:35 PM[22m [31m[1m[vite][22m[39m [31mhttp proxy error: /api/bus/scenarios[39m
AggregateError [ECONNREFUSED]: 
    at internalConnectMultiple (node:net:1339:18)
    at afterConnectMultiple (node:net:1942:7)
[2m3:41:35 PM[22m [31m[1m[vite][22m[39m [31mhttp proxy error: /api/bus/stress-test[39m
AggregateError [ECONNREFUSED]: 
    at internalConnectMultiple (node:net:1339:18)
    at afterConnectMultiple (node:net:1942:7)
[2m3:41:35 PM[22m [31m[1m[vite][22m[39m [31mhttp proxy error: /api/bus/risk[39m
AggregateError [ECONNREFUSED]: 
    at internalConnectMultiple (node:net:1339:18)
    at afterConnectMultiple (node:net:1942:7)
[2m3:41:44 PM[22m [31m[1m[vite][22m[39m [31mhttp proxy error: /api/bus/simulate[39m
AggregateError [ECONNREFUSED]: 
    at internalConnectMultiple (node:net:1339:18)
    at afterConnectMultiple (node:net:1942:7)
[2m3:41:45 PM[22m [31m[1m[vite][22m[39m [31mhttp proxy error: /api/bus/scenarios[39m
AggregateError [ECONNREFUSED]: 
    at internalConnectMultiple (node:net:1339:18)
    at afterConnectMultiple (node:net:1942:7)
[2m3:41:45 PM[22m [31m[1m[vite][22m[39m [31mhttp proxy error: /api/bus/stress-test[39m
AggregateError [ECONNREFUSED]: 
    at internalConnectMultiple (node:net:1339:18)
    at afterConnectMultiple (node:net:1942:7)
[2m3:41:45 PM[22m [31m[1m[vite][22m[39m [31mhttp proxy error: /api/bus/risk[39m
AggregateError [ECONNREFUSED]: 
    at internalConnectMultiple (node:net:1339:18)
    at afterConnectMultiple (node:net:1942:7)
[2m3:41:54 PM[22m [31m[1m[vite][22m[39m [31mhttp proxy error: /api/bus/simulate[39m
AggregateError [ECONNREFUSED]: 
    at internalConnectMultiple (node:net:1339:18)
    at afterConnectMultiple (node:net:1942:7)
[2m3:41:54 PM[22m [31m[1m[vite][22m[39m [31mhttp proxy error: /api/bus/scenarios[39m
AggregateError [ECONNREFUSED]: 
    at internalConnectMultiple (node:net:1339:18)
    at afterConnectMultiple (node:net:1942:7)
[2m3:41:54 PM[22m [31m[1m[vite][22m[39m [31mhttp proxy error: /api/bus/stress-test[39m
AggregateError [ECONNREFUSED]: 
    at internalConnectMultiple (node:net:1339:18)
    at afterConnectMultiple (node:net:1942:7)
[2m3:41:54 PM[22m [31m[1m[vite][22m[39m [31mhttp proxy error: /api/bus/risk[39m
AggregateError [ECONNREFUSED]: 
    at internalConnectMultiple (node:net:1339:18)
    at afterConnectMultiple (node:net:1942:7)
[2m3:41:56 PM[22m [31m[1m[vite][22m[39m [31mhttp proxy error: /api/health[39m
AggregateError [ECONNREFUSED]: 
    at internalConnectMultiple (node:net:1339:18)
    at afterConnectMultiple (node:net:1942:7)
[2m3:42:02 PM[22m [31m[1m[vite][22m[39m [31mhttp proxy error: /api/bus/simulate[39m
AggregateError [ECONNREFUSED]: 
    at internalConnectMultiple (node:net:1339:18)
    at afterConnectMultiple (node:net:1942:7)
[2m3:42:02 PM[22m [31m[1m[vite][22m[39m [31mhttp proxy error: /api/bus/scenarios[39m
AggregateError [ECONNREFUSED]: 
    at internalConnectMultiple (node:net:1339:18)
    at afterConnectMultiple (node:net:1942:7)
[2m3:42:02 PM[22m [31m[1m[vite][22m[39m [31mhttp proxy error: /api/bus/stress-test[39m
AggregateError [ECONNREFUSED]: 
    at internalConnectMultiple (node:net:1339:18)
    at afterConnectMultiple (node:net:1942:7)
[2m3:42:02 PM[22m [31m[1m[vite][22m[39m [31mhttp proxy error: /api/bus/risk[39m
AggregateError [ECONNREFUSED]: 
    at internalConnectMultiple (node:net:1339:18)
    at afterConnectMultiple (node:net:1942:7)
[2m3:42:16 PM[22m [31m[1m[vite][22m[39m [31mhttp proxy error: /api/bus/simulate[39m
AggregateError [ECONNREFUSED]: 
    at internalConnectMultiple (node:net:1339:18)
    at afterConnectMultiple (node:net:1942:7)
[2m3:42:16 PM[22m [31m[1m[vite][22m[39m [31mhttp proxy error: /api/bus/scenarios[39m
AggregateError [ECONNREFUSED]: 
    at internalConnectMultiple (node:net:1339:18)
    at afterConnectMultiple (node:net:1942:7)
[2m3:42:16 PM[22m [31m[1m[vite][22m[39m [31mhttp proxy error: /api/bus/stress-test[39m
AggregateError [ECONNREFUSED]: 
    at internalConnectMultiple (node:net:1339:18)
    at afterConnectMultiple (node:net:1942:7)
[2m3:42:16 PM[22m [31m[1m[vite][22m[39m [31mhttp proxy error: /api/bus/risk[39m
AggregateError [ECONNREFUSED]: 
    at internalConnectMultiple (node:net:1339:18)
    at afterConnectMultiple (node:net:1942:7)
[2m3:42:24 PM[22m [31m[1m[vite][22m[39m [31mhttp proxy error: /api/bus/simulate[39m
AggregateError [ECONNREFUSED]: 
    at internalConnectMultiple (node:net:1339:18)
    at afterConnectMultiple (node:net:1942:7)
[2m3:42:24 PM[22m [31m[1m[vite][22m[39m [31mhttp proxy error: /api/bus/scenarios[39m
AggregateError [ECONNREFUSED]: 
    at internalConnectMultiple (node:net:1339:18)
    at afterConnectMultiple (node:net:1942:7)
[2m3:42:24 PM[22m [31m[1m[vite][22m[39m [31mhttp proxy error: /api/bus/stress-test[39m
AggregateError [ECONNREFUSED]: 
    at internalConnectMultiple (node:net:1339:18)
    at afterConnectMultiple (node:net:1942:7)
[2m3:42:24 PM[22m [31m[1m[vite][22m[39m [31mhttp proxy error: /api/bus/risk[39m
AggregateError [ECONNREFUSED]: 
    at internalConnectMultiple (node:net:1339:18)
    at afterConnectMultiple (node:net:1942:7)
[2m3:42:56 PM[22m [31m[1m[vite][22m[39m [31mhttp proxy error: /api/health[39m
AggregateError [ECONNREFUSED]: 
    at internalConnectMultiple (node:net:1339:18)
    at afterConnectMultiple (node:net:1942:7)
[2m3:43:56 PM[22m [31m[1m[vite][22m[39m [31mhttp proxy error: /api/health[39m
AggregateError [ECONNREFUSED]: 
    at internalConnectMultiple (node:net:1339:18)
    at afterConnectMultiple (node:net:1942:7)
[2m3:44:56 PM[22m [31m[1m[vite][22m[39m [31mhttp proxy error: /api/health[39m
AggregateError [ECONNREFUSED]: 
    at internalConnectMultiple (node:net:1339:18)
    at afterConnectMultiple (node:net:1942:7)
[2m3:45:56 PM[22m [31m[1m[vite][22m[39m [31mhttp proxy error: /api/health[39m
AggregateError [ECONNREFUSED]: 
    at internalConnectMultiple (node:net:1339:18)
    at afterConnectMultiple (node:net:1942:7)
[2m3:46:56 PM[22m [31m[1m[vite][22m[39m [31mhttp proxy error: /api/health[39m
AggregateError [ECONNREFUSED]: 
    at internalConnectMultiple (node:net:1339:18)
    at afterConnectMultiple (node:net:1942:7)
[2m3:47:56 PM[22m [31m[1m[vite][22m[39m [31mhttp proxy error: /api/health[39m
AggregateError [ECONNREFUSED]: 
    at internalConnectMultiple (node:net:1339:18)
    at afterConnectMultiple (node:net:1942:7)
[2m3:48:56 PM[22m [31m[1m[vite][22m[39m [31mhttp proxy error: /api/health[39m
AggregateError [ECONNREFUSED]: 
    at internalConnectMultiple (node:net:1339:18)
    at afterConnectMultiple (node:net:1942:7)
[2m3:49:56 PM[22m [31m[1m[vite][22m[39m [31mhttp proxy error: /api/health[39m
AggregateError [ECONNREFUSED]: 
    at internalConnectMultiple (node:net:1339:18)
    at afterConnectMultiple (node:net:1942:7)
[2m3:50:56 PM[22m [31m[1m[vite][22m[39m [31mhttp proxy error: /api/health[39m
AggregateError [ECONNREFUSED]: 
    at internalConnectMultiple (node:net:1339:18)
    at afterConnectMultiple (node:net:1942:7)
[2m3:51:56 PM[22m [31m[1m[vite][22m[39m [31mhttp proxy error: /api/health[39m
AggregateError [ECONNREFUSED]: 
    at internalConnectMultiple (node:net:1339:18)
    at afterConnectMultiple (node:net:1942:7)
  )[33m;[31m
 [90m 385 |[31m }
 [90m 386 |[31m[0m[39m
  Plugin: [35mvite:react-babel[39m
  File: [36mC:/Policy-plus/frontend/src/components/bus/AIPolicyAnalyst.jsx[39m:383:10
[33m  381|          </div>
  382|        )}
  383|      </div>
     |            ^
  384|    );
  385|  }[39m
      at constructor (C:\Policy-plus\frontend\node_modules\@babel\parser\lib\index.js:369:19)
      at JSXParserMixin.raise (C:\Policy-plus\frontend\node_modules\@babel\parser\lib\index.js:6620:19)
      at JSXParserMixin.jsxReadToken (C:\Policy-plus\frontend\node_modules\@babel\parser\lib\index.js:4464:20)
      at JSXParserMixin.getTokenFromCode (C:\Policy-plus\frontend\node_modules\@babel\parser\lib\index.js:4790:12)
      at JSXParserMixin.nextToken (C:\Policy-plus\frontend\node_modules\@babel\parser\lib\index.js:5803:10)
      at JSXParserMixin.next (C:\Policy-plus\frontend\node_modules\@babel\parser\lib\index.js:5713:10)
      at JSXParserMixin.eat (C:\Policy-plus\frontend\node_modules\@babel\parser\lib\index.js:5717:12)
      at JSXParserMixin.expect (C:\Policy-plus\frontend\node_modules\@babel\parser\lib\index.js:6919:15)
      at JSXParserMixin.jsxParseClosingElementAt (C:\Policy-plus\frontend\node_modules\@babel\parser\lib\index.js:4696:10)
      at JSXParserMixin.jsxParseElementAt (C:\Policy-plus\frontend\node_modules\@babel\parser\lib\index.js:4711:37)
      at JSXParserMixin.jsxParseElementAt (C:\Policy-plus\frontend\node_modules\@babel\parser\lib\index.js:4714:32)
      at JSXParserMixin.jsxParseElementAt (C:\Policy-plus\frontend\node_modules\@babel\parser\lib\index.js:4714:32)
      at JSXParserMixin.jsxParseElement (C:\Policy-plus\frontend\node_modules\@babel\parser\lib\index.js:4765:17)
      at JSXParserMixin.parseExprAtom (C:\Policy-plus\frontend\node_modules\@babel\parser\lib\index.js:4775:19)
      at JSXParserMixin.parseExprSubscripts (C:\Policy-plus\frontend\node_modules\@babel\parser\lib\index.js:11102:23)
      at JSXParserMixin.parseUpdate (C:\Policy-plus\frontend\node_modules\@babel\parser\lib\index.js:11087:21)
      at JSXParserMixin.parseMaybeUnary (C:\Policy-plus\frontend\node_modules\@babel\parser\lib\index.js:11067:23)
      at JSXParserMixin.parseMaybeUnaryOrPrivate (C:\Policy-plus\frontend\node_modules\@babel\parser\lib\index.js:10920:61)
      at JSXParserMixin.parseExprOps (C:\Policy-plus\frontend\node_modules\@babel\parser\lib\index.js:10925:23)
      at JSXParserMixin.parseMaybeConditional (C:\Policy-plus\frontend\node_modules\@babel\parser\lib\index.js:10902:23)
      at JSXParserMixin.parseMaybeAssign (C:\Policy-plus\frontend\node_modules\@babel\parser\lib\index.js:10852:21)
      at C:\Policy-plus\frontend\node_modules\@babel\parser\lib\index.js:10821:39
      at JSXParserMixin.allowInAnd (C:\Policy-plus\frontend\node_modules\@babel\parser\lib\index.js:12455:12)
      at JSXParserMixin.parseMaybeAssignAllowIn (C:\Policy-plus\frontend\node_modules\@babel\parser\lib\index.js:10821:17)
      at JSXParserMixin.parseMaybeAssignAllowInOrVoidPattern (C:\Policy-plus\frontend\node_modules\@babel\parser\lib\index.js:12522:17)
      at JSXParserMixin.parseParenAndDistinguishExpression (C:\Policy-plus\frontend\node_modules\@babel\parser\lib\index.js:11701:28)
      at JSXParserMixin.parseExprAtom (C:\Policy-plus\frontend\node_modules\@babel\parser\lib\index.js:11357:23)
      at JSXParserMixin.parseExprAtom (C:\Policy-plus\frontend\node_modules\@babel\parser\lib\index.js:4780:20)
      at JSXParserMixin.parseExprSubscripts (C:\Policy-plus\frontend\node_modules\@babel\parser\lib\index.js:11102:23)
      at JSXParserMixin.parseUpdate (C:\Policy-plus\frontend\node_modules\@babel\parser\lib\index.js:11087:21)
      at JSXParserMixin.parseMaybeUnary (C:\Policy-plus\frontend\node_modules\@babel\parser\lib\index.js:11067:23)
      at JSXParserMixin.parseMaybeUnaryOrPrivate (C:\Policy-plus\frontend\node_modules\@babel\parser\lib\index.js:10920:61)
      at JSXParserMixin.parseExprOps (C:\Policy-plus\frontend\node_modules\@babel\parser\lib\index.js:10925:23)
      at JSXParserMixin.parseMaybeConditional (C:\Policy-plus\frontend\node_modules\@babel\parser\lib\index.js:10902:23)
      at JSXParserMixin.parseMaybeAssign (C:\Policy-plus\frontend\node_modules\@babel\parser\lib\index.js:10852:21)
      at JSXParserMixin.parseExpressionBase (C:\Policy-plus\frontend\node_modules\@babel\parser\lib\index.js:10805:23)
      at C:\Policy-plus\frontend\node_modules\@babel\parser\lib\index.js:10801:39
      at JSXParserMixin.allowInAnd (C:\Policy-plus\frontend\node_modules\@babel\parser\lib\index.js:12450:16)
      at JSXParserMixin.parseExpression (C:\Policy-plus\frontend\node_modules\@babel\parser\lib\index.js:10801:17)
      at JSXParserMixin.parseReturnStatement (C:\Policy-plus\frontend\node_modules\@babel\parser\lib\index.js:13171:28)
      at JSXParserMixin.parseStatementContent (C:\Policy-plus\frontend\node_modules\@babel\parser\lib\index.js:12827:21)
      at JSXParserMixin.parseStatementLike (C:\Policy-plus\frontend\node_modules\@babel\parser\lib\index.js:12796:17)
      at JSXParserMixin.parseStatementListItem (C:\Policy-plus\frontend\node_modules\@babel\parser\lib\index.js:12776:17)
      at JSXParserMixin.parseBlockOrModuleBlockBody (C:\Policy-plus\frontend\node_modules\@babel\parser\lib\index.js:13345:61)
      at JSXParserMixin.parseBlockBody (C:\Policy-plus\frontend\node_modules\@babel\parser\lib\index.js:13338:10)
      at JSXParserMixin.parseBlock (C:\Policy-plus\frontend\node_modules\@babel\parser\lib\index.js:13326:10)
      at JSXParserMixin.parseFunctionBody (C:\Policy-plus\frontend\node_modules\@babel\parser\lib\index.js:12129:24)
      at JSXParserMixin.parseFunctionBodyAndFinish (C:\Policy-plus\frontend\node_modules\@babel\parser\lib\index.js:12115:10)
      at C:\Policy-plus\frontend\node_modules\@babel\parser\lib\index.js:13474:12
      at JSXParserMixin.withSmartMixTopicForbiddingContext (C:\Policy-plus\frontend\node_modules\@babel\parser\lib\index.js:12432:14)
[2m3:40:54 PM[22m [31m[1m[vite][22m[39m [31mInternal server error: C:\Policy-plus\frontend\src\components\bus\AIPolicyAnalyst.jsx: Unterminated JSX contents. (383:10)

[0m [90m 381 |[31m         [33m<[31m[33m/[31m[33mdiv[31m[33m>[31m
 [90m 382 |[31m       )}
[31m[1m>[22m[31m[90m 383 |[31m     [33m<[31m[33m/[31m[33mdiv[31m[33m>[31m
 [90m     |[31m           [31m[1m^[22m[31m
 [90m 384 |[31m   )[33m;[31m
 [90m 385 |[31m }
 [90m 386 |[31m[0m[39m
  Plugin: [35mvite:react-babel[39m
  File: [36mC:/Policy-plus/frontend/src/components/bus/AIPolicyAnalyst.jsx[39m:383:10
[33m  381|          </div>
  382|        )}
  383|      </div>
     |            ^
  384|    );
  385|  }[39m
      at constructor (C:\Policy-plus\frontend\node_modules\@babel\parser\lib\index.js:369:19)
      at JSXParserMixin.raise (C:\Policy-plus\frontend\node_modules\@babel\parser\lib\index.js:6620:19)
      at JSXParserMixin.jsxReadToken (C:\Policy-plus\frontend\node_modules\@babel\parser\lib\index.js:4464:20)
      at JSXParserMixin.getTokenFromCode (C:\Policy-plus\frontend\node_modules\@babel\parser\lib\index.js:4790:12)
      at JSXParserMixin.nextToken (C:\Policy-plus\frontend\node_modules\@babel\parser\lib\index.js:5803:10)
      at JSXParserMixin.next (C:\Policy-plus\frontend\node_modules\@babel\parser\lib\index.js:5713:10)
      at JSXParserMixin.eat (C:\Policy-plus\frontend\node_modules\@babel\parser\lib\index.js:5717:12)
      at JSXParserMixin.expect (C:\Policy-plus\frontend\node_modules\@babel\parser\lib\index.js:6919:15)
      at JSXParserMixin.jsxParseClosingElementAt (C:\Policy-plus\frontend\node_modules\@babel\parser\lib\index.js:4696:10)
      at JSXParserMixin.jsxParseElementAt (C:\Policy-plus\frontend\node_modules\@babel\parser\lib\index.js:4711:37)
      at JSXParserMixin.jsxParseElementAt (C:\Policy-plus\frontend\node_modules\@babel\parser\lib\index.js:4714:32)
      at JSXParserMixin.jsxParseElementAt (C:\Policy-plus\frontend\node_modules\@babel\parser\lib\index.js:4714:32)
      at JSXParserMixin.jsxParseElement (C:\Policy-plus\frontend\node_modules\@babel\parser\lib\index.js:4765:17)
      at JSXParserMixin.parseExprAtom (C:\Policy-plus\frontend\node_modules\@babel\parser\lib\index.js:4775:19)
      at JSXParserMixin.parseExprSubscripts (C:\Policy-plus\frontend\node_modules\@babel\parser\lib\index.js:11102:23)
      at JSXParserMixin.parseUpdate (C:\Policy-plus\frontend\node_modules\@babel\parser\lib\index.js:11087:21)
      at JSXParserMixin.parseMaybeUnary (C:\Policy-plus\frontend\node_modules\@babel\parser\lib\index.js:11067:23)
      at JSXParserMixin.parseMaybeUnaryOrPrivate (C:\Policy-plus\frontend\node_modules\@babel\parser\lib\index.js:10920:61)
      at JSXParserMixin.parseExprOps (C:\Policy-plus\frontend\node_modules\@babel\parser\lib\index.js:10925:23)
      at JSXParserMixin.parseMaybeConditional (C:\Policy-plus\frontend\node_modules\@babel\parser\lib\index.js:10902:23)
      at JSXParserMixin.parseMaybeAssign (C:\Policy-plus\frontend\node_modules\@babel\parser\lib\index.js:10852:21)
      at C:\Policy-plus\frontend\node_modules\@babel\parser\lib\index.js:10821:39
      at JSXParserMixin.allowInAnd (C:\Policy-plus\frontend\node_modules\@babel\parser\lib\index.js:12455:12)
      at JSXParserMixin.parseMaybeAssignAllowIn (C:\Policy-plus\frontend\node_modules\@babel\parser\lib\index.js:10821:17)
      at JSXParserMixin.parseMaybeAssignAllowInOrVoidPattern (C:\Policy-plus\frontend\node_modules\@babel\parser\lib\index.js:12522:17)
      at JSXParserMixin.parseParenAndDistinguishExpression (C:\Policy-plus\frontend\node_modules\@babel\parser\lib\index.js:11701:28)
      at JSXParserMixin.parseExprAtom (C:\Policy-plus\frontend\node_modules\@babel\parser\lib\index.js:11357:23)
      at JSXParserMixin.parseExprAtom (C:\Policy-plus\frontend\node_modules\@babel\parser\lib\index.js:4780:20)
      at JSXParserMixin.parseExprSubscripts (C:\Policy-plus\frontend\node_modules\@babel\parser\lib\index.js:11102:23)
      at JSXParserMixin.parseUpdate (C:\Policy-plus\frontend\node_modules\@babel\parser\lib\index.js:11087:21)
      at JSXParserMixin.parseMaybeUnary (C:\Policy-plus\frontend\node_modules\@babel\parser\lib\index.js:11067:23)
      at JSXParserMixin.parseMaybeUnaryOrPrivate (C:\Policy-plus\frontend\node_modules\@babel\parser\lib\index.js:10920:61)
      at JSXParserMixin.parseExprOps (C:\Policy-plus\frontend\node_modules\@babel\parser\lib\index.js:10925:23)
      at JSXParserMixin.parseMaybeConditional (C:\Policy-plus\frontend\node_modules\@babel\parser\lib\index.js:10902:23)
      at JSXParserMixin.parseMaybeAssign (C:\Policy-plus\frontend\node_modules\@babel\parser\lib\index.js:10852:21)
      at JSXParserMixin.parseExpressionBase (C:\Policy-plus\frontend\node_modules\@babel\parser\lib\index.js:10805:23)
      at C:\Policy-plus\frontend\node_modules\@babel\parser\lib\index.js:10801:39
      at JSXParserMixin.allowInAnd (C:\Policy-plus\frontend\node_modules\@babel\parser\lib\index.js:12450:16)
      at JSXParserMixin.parseExpression (C:\Policy-plus\frontend\node_modules\@babel\parser\lib\index.js:10801:17)
      at JSXParserMixin.parseReturnStatement (C:\Policy-plus\frontend\node_modules\@babel\parser\lib\index.js:13171:28)
      at JSXParserMixin.parseStatementContent (C:\Policy-plus\frontend\node_modules\@babel\parser\lib\index.js:12827:21)
      at JSXParserMixin.parseStatementLike (C:\Policy-plus\frontend\node_modules\@babel\parser\lib\index.js:12796:17)
      at JSXParserMixin.parseStatementListItem (C:\Policy-plus\frontend\node_modules\@babel\parser\lib\index.js:12776:17)
      at JSXParserMixin.parseBlockOrModuleBlockBody (C:\Policy-plus\frontend\node_modules\@babel\parser\lib\index.js:13345:61)
      at JSXParserMixin.parseBlockBody (C:\Policy-plus\frontend\node_modules\@babel\parser\lib\index.js:13338:10)
      at JSXParserMixin.parseBlock (C:\Policy-plus\frontend\node_modules\@babel\parser\lib\index.js:13326:10)
      at JSXParserMixin.parseFunctionBody (C:\Policy-plus\frontend\node_modules\@babel\parser\lib\index.js:12129:24)
      at JSXParserMixin.parseFunctionBodyAndFinish (C:\Policy-plus\frontend\node_modules\@babel\parser\lib\index.js:12115:10)
      at C:\Policy-plus\frontend\node_modules\@babel\parser\lib\index.js:13474:12
      at JSXParserMixin.withSmartMixTopicForbiddingContext (C:\Policy-plus\frontend\node_modules\@babel\parser\lib\index.js:12432:14)
[2m3:41:01 PM[22m [31m[1m[vite][22m[39m [31mhttp proxy error: /api/health[39m
AggregateError [ECONNREFUSED]: 
    at internalConnectMultiple (node:net:1339:18)
    at afterConnectMultiple (node:net:1942:7)
[2m3:41:01 PM[22m [31m[1m[vite][22m[39m [31mhttp proxy error: /api/health[39m
AggregateError [ECONNREFUSED]: 
    at internalConnectMultiple (node:net:1339:18)
    at afterConnectMultiple (node:net:1942:7)
[2m3:41:31 PM[22m [31m[1m[vite][22m[39m [31mhttp proxy error: /api/health[39m
AggregateError [ECONNREFUSED]: 
    at internalConnectMultiple (node:net:1339:18)
    at afterConnectMultiple (node:net:1942:7)
[2m3:41:31 PM[22m [31m[1m[vite][22m[39m [31mhttp proxy error: /api/health[39m
AggregateError [ECONNREFUSED]: 
    at internalConnectMultiple (node:net:1339:18)
    at afterConnectMultiple (node:net:1942:7)
[2m3:41:34 PM[22m [31m[1m[vite][22m[39m [31mhttp proxy error: /api/bus/simulate[39m
AggregateError [ECONNREFUSED]: 
    at internalConnectMultiple (node:net:1339:18)
    at afterConnectMultiple (node:net:1942:7)
[2m3:41:34 PM[22m [31m[1m[vite][22m[39m [31mhttp proxy error: /api/bus/scenarios[39m
AggregateError [ECONNREFUSED]: 
    at internalConnectMultiple (node:net:1339:18)
    at afterConnectMultiple (node:net:1942:7)
[2m3:41:34 PM[22m [31m[1m[vite][22m[39m [31mhttp proxy error: /api/bus/stress-test[39m
AggregateError [ECONNREFUSED]: 
    at internalConnectMultiple (node:net:1339:18)
    at afterConnectMultiple (node:net:1942:7)
[2m3:41:34 PM[22m [31m[1m[vite][22m[39m [31mhttp proxy error: /api/bus/risk[39m
AggregateError [ECONNREFUSED]: 
    at internalConnectMultiple (node:net:1339:18)
    at afterConnectMultiple (node:net:1942:7)
[2m3:41:44 PM[22m [31m[1m[vite][22m[39m [31mhttp proxy error: /api/bus/simulate[39m
AggregateError [ECONNREFUSED]: 
    at internalConnectMultiple (node:net:1339:18)
    at afterConnectMultiple (node:net:1942:7)
[2m3:41:44 PM[22m [31m[1m[vite][22m[39m [31mhttp proxy error: /api/bus/scenarios[39m
AggregateError [ECONNREFUSED]: 
    at internalConnectMultiple (node:net:1339:18)
    at afterConnectMultiple (node:net:1942:7)
[2m3:41:44 PM[22m [31m[1m[vite][22m[39m [31mhttp proxy error: /api/bus/stress-test[39m
AggregateError [ECONNREFUSED]: 
    at internalConnectMultiple (node:net:1339:18)
    at afterConnectMultiple (node:net:1942:7)
[2m3:41:44 PM[22m [31m[1m[vite][22m[39m [31mhttp proxy error: /api/bus/risk[39m
AggregateError [ECONNREFUSED]: 
    at internalConnectMultiple (node:net:1339:18)
    at afterConnectMultiple (node:net:1942:7)
[2m3:41:50 PM[22m [31m[1m[vite][22m[39m [31mhttp proxy error: /api/health[39m
AggregateError [ECONNREFUSED]: 
    at internalConnectMultiple (node:net:1339:18)
    at afterConnectMultiple (node:net:1942:7)
[2m3:41:50 PM[22m [31m[1m[vite][22m[39m [31mhttp proxy error: /api/gst/simulate[39m
AggregateError [ECONNREFUSED]: 
    at internalConnectMultiple (node:net:1339:18)
    at afterConnectMultiple (node:net:1942:7)
[2m3:41:50 PM[22m [31m[1m[vite][22m[39m [31mhttp proxy error: /api/gst/scenarios[39m
AggregateError [ECONNREFUSED]: 
    at internalConnectMultiple (node:net:1339:18)
    at afterConnectMultiple (node:net:1942:7)
[2m3:41:50 PM[22m [31m[1m[vite][22m[39m [31mhttp proxy error: /api/gst/risk[39m
AggregateError [ECONNREFUSED]: 
    at internalConnectMultiple (node:net:1339:18)
    at afterConnectMultiple (node:net:1942:7)
[2m3:41:50 PM[22m [31m[1m[vite][22m[39m [31mhttp proxy error: /api/gst/simulate[39m
AggregateError [ECONNREFUSED]: 
    at internalConnectMultiple (node:net:1339:18)
    at afterConnectMultiple (node:net:1942:7)
[2m3:41:50 PM[22m [31m[1m[vite][22m[39m [31mhttp proxy error: /api/gst/scenarios[39m
AggregateError [ECONNREFUSED]: 
    at internalConnectMultiple (node:net:1339:18)
    at afterConnectMultiple (node:net:1942:7)
[2m3:41:50 PM[22m [31m[1m[vite][22m[39m [31mhttp proxy error: /api/health[39m
AggregateError [ECONNREFUSED]: 
    at internalConnectMultiple (node:net:1339:18)
    at afterConnectMultiple (node:net:1942:7)
[2m3:41:50 PM[22m [31m[1m[vite][22m[39m [31mhttp proxy error: /api/gst/risk[39m
AggregateError [ECONNREFUSED]: 
    at internalConnectMultiple (node:net:1339:18)
    at afterConnectMultiple (node:net:1942:7)
[2m3:41:53 PM[22m [31m[1m[vite][22m[39m [31mhttp proxy error: /api/gst/simulate[39m
AggregateError [ECONNREFUSED]: 
    at internalConnectMultiple (node:net:1339:18)
    at afterConnectMultiple (node:net:1942:7)
[2m3:41:53 PM[22m [31m[1m[vite][22m[39m [31mhttp proxy error: /api/gst/scenarios[39m
AggregateError [ECONNREFUSED]: 
    at internalConnectMultiple (node:net:1339:18)
    at afterConnectMultiple (node:net:1942:7)
[2m3:41:53 PM[22m [31m[1m[vite][22m[39m [31mhttp proxy error: /api/gst/risk[39m
AggregateError [ECONNREFUSED]: 
    at internalConnectMultiple (node:net:1339:18)
    at afterConnectMultiple (node:net:1942:7)
[2m3:41:53 PM[22m [31m[1m[vite][22m[39m [31mhttp proxy error: /api/bus/simulate[39m
AggregateError [ECONNREFUSED]: 
    at internalConnectMultiple (node:net:1339:18)
    at afterConnectMultiple (node:net:1942:7)
[2m3:41:53 PM[22m [31m[1m[vite][22m[39m [31mhttp proxy error: /api/bus/scenarios[39m
AggregateError [ECONNREFUSED]: 
    at internalConnectMultiple (node:net:1339:18)
    at afterConnectMultiple (node:net:1942:7)
[2m3:41:53 PM[22m [31m[1m[vite][22m[39m [31mhttp proxy error: /api/bus/stress-test[39m
AggregateError [ECONNREFUSED]: 
    at internalConnectMultiple (node:net:1339:18)
    at afterConnectMultiple (node:net:1942:7)
[2m3:41:53 PM[22m [31m[1m[vite][22m[39m [31mhttp proxy error: /api/bus/risk[39m
AggregateError [ECONNREFUSED]: 
    at internalConnectMultiple (node:net:1339:18)
    at afterConnectMultiple (node:net:1942:7)
[2m3:42:01 PM[22m [31m[1m[vite][22m[39m [31mhttp proxy error: /api/health[39m
AggregateError [ECONNREFUSED]: 
    at internalConnectMultiple (node:net:1339:18)
    at afterConnectMultiple (node:net:1942:7)
[2m3:42:01 PM[22m [31m[1m[vite][22m[39m [31mhttp proxy error: /api/bus/simulate[39m
AggregateError [ECONNREFUSED]: 
    at internalConnectMultiple (node:net:1339:18)
    at afterConnectMultiple (node:net:1942:7)
[2m3:42:01 PM[22m [31m[1m[vite][22m[39m [31mhttp proxy error: /api/bus/scenarios[39m
AggregateError [ECONNREFUSED]: 
    at internalConnectMultiple (node:net:1339:18)
    at afterConnectMultiple (node:net:1942:7)
[2m3:42:01 PM[22m [31m[1m[vite][22m[39m [31mhttp proxy error: /api/bus/stress-test[39m
AggregateError [ECONNREFUSED]: 
    at internalConnectMultiple (node:net:1339:18)
    at afterConnectMultiple (node:net:1942:7)
[2m3:42:01 PM[22m [31m[1m[vite][22m[39m [31mhttp proxy error: /api/bus/risk[39m
AggregateError [ECONNREFUSED]: 
    at internalConnectMultiple (node:net:1339:18)
    at afterConnectMultiple (node:net:1942:7)
[2m3:42:15 PM[22m [31m[1m[vite][22m[39m [31mhttp proxy error: /api/bus/simulate[39m
AggregateError [ECONNREFUSED]: 
    at internalConnectMultiple (node:net:1339:18)
    at afterConnectMultiple (node:net:1942:7)
[2m3:42:15 PM[22m [31m[1m[vite][22m[39m [31mhttp proxy error: /api/bus/scenarios[39m
AggregateError [ECONNREFUSED]: 
    at internalConnectMultiple (node:net:1339:18)
    at afterConnectMultiple (node:net:1942:7)
[2m3:42:15 PM[22m [31m[1m[vite][22m[39m [31mhttp proxy error: /api/bus/stress-test[39m
AggregateError [ECONNREFUSED]: 
    at internalConnectMultiple (node:net:1339:18)
    at afterConnectMultiple (node:net:1942:7)
[2m3:42:15 PM[22m [31m[1m[vite][22m[39m [31mhttp proxy error: /api/bus/risk[39m
AggregateError [ECONNREFUSED]: 
    at internalConnectMultiple (node:net:1339:18)
    at afterConnectMultiple (node:net:1942:7)
[2m3:42:20 PM[22m [31m[1m[vite][22m[39m [31mhttp proxy error: /api/health[39m
AggregateError [ECONNREFUSED]: 
    at internalConnectMultiple (node:net:1339:18)
    at afterConnectMultiple (node:net:1942:7)
[2m3:42:23 PM[22m [31m[1m[vite][22m[39m [31mhttp proxy error: /api/bus/simulate[39m
AggregateError [ECONNREFUSED]: 
    at internalConnectMultiple (node:net:1339:18)
    at afterConnectMultiple (node:net:1942:7)
[2m3:42:23 PM[22m [31m[1m[vite][22m[39m [31mhttp proxy error: /api/bus/scenarios[39m
AggregateError [ECONNREFUSED]: 
    at internalConnectMultiple (node:net:1339:18)
    at afterConnectMultiple (node:net:1942:7)
[2m3:42:23 PM[22m [31m[1m[vite][22m[39m [31mhttp proxy error: /api/bus/stress-test[39m
AggregateError [ECONNREFUSED]: 
    at internalConnectMultiple (node:net:1339:18)
    at afterConnectMultiple (node:net:1942:7)
[2m3:42:23 PM[22m [31m[1m[vite][22m[39m [31mhttp proxy error: /api/bus/risk[39m
AggregateError [ECONNREFUSED]: 
    at internalConnectMultiple (node:net:1339:18)
    at afterConnectMultiple (node:net:1942:7)
[2m3:42:31 PM[22m [31m[1m[vite][22m[39m [31mhttp proxy error: /api/health[39m
AggregateError [ECONNREFUSED]: 
    at internalConnectMultiple (node:net:1339:18)
    at afterConnectMultiple (node:net:1942:7)
[2m3:42:32 PM[22m [31m[1m[vite][22m[39m [31mhttp proxy error: /api/gst/simulate[39m
AggregateError [ECONNREFUSED]: 
    at internalConnectMultiple (node:net:1339:18)
    at afterConnectMultiple (node:net:1942:7)
[2m3:42:32 PM[22m [31m[1m[vite][22m[39m [31mhttp proxy error: /api/gst/scenarios[39m
AggregateError [ECONNREFUSED]: 
    at internalConnectMultiple (node:net:1339:18)
    at afterConnectMultiple (node:net:1942:7)
[2m3:42:32 PM[22m [31m[1m[vite][22m[39m [31mhttp proxy error: /api/gst/risk[39m
AggregateError [ECONNREFUSED]: 
    at internalConnectMultiple (node:net:1339:18)
    at afterConnectMultiple (node:net:1942:7)
[2m3:42:50 PM[22m [31m[1m[vite][22m[39m [31mhttp proxy error: /api/health[39m
AggregateError [ECONNREFUSED]: 
    at internalConnectMultiple (node:net:1339:18)
    at afterConnectMultiple (node:net:1942:7)
[2m3:42:52 PM[22m [31m[1m[vite][22m[39m [31mhttp proxy error: /api/gst/simulate[39m
AggregateError [ECONNREFUSED]: 
    at internalConnectMultiple (node:net:1339:18)
    at afterConnectMultiple (node:net:1942:7)
[2m3:42:52 PM[22m [31m[1m[vite][22m[39m [31mhttp proxy error: /api/gst/scenarios[39m
AggregateError [ECONNREFUSED]: 
    at internalConnectMultiple (node:net:1339:18)
    at afterConnectMultiple (node:net:1942:7)
[2m3:42:52 PM[22m [31m[1m[vite][22m[39m [31mhttp proxy error: /api/gst/risk[39m
AggregateError [ECONNREFUSED]: 
    at internalConnectMultiple (node:net:1339:18)
    at afterConnectMultiple (node:net:1942:7)
[2m3:43:01 PM[22m [31m[1m[vite][22m[39m [31mhttp proxy error: /api/health[39m
AggregateError [ECONNREFUSED]: 
    at internalConnectMultiple (node:net:1339:18)
    at afterConnectMultiple (node:net:1942:7)
[2m3:43:06 PM[22m [31m[1m[vite][22m[39m [31mhttp proxy error: /api/gst/simulate[39m
AggregateError [ECONNREFUSED]: 
    at internalConnectMultiple (node:net:1339:18)
    at afterConnectMultiple (node:net:1942:7)
[2m3:43:06 PM[22m [31m[1m[vite][22m[39m [31mhttp proxy error: /api/gst/scenarios[39m
AggregateError [ECONNREFUSED]: 
    at internalConnectMultiple (node:net:1339:18)
    at afterConnectMultiple (node:net:1942:7)
[2m3:43:06 PM[22m [31m[1m[vite][22m[39m [31mhttp proxy error: /api/gst/risk[39m
AggregateError [ECONNREFUSED]: 
    at internalConnectMultiple (node:net:1339:18)
    at afterConnectMultiple (node:net:1942:7)
[2m3:43:20 PM[22m [31m[1m[vite][22m[39m [31mhttp proxy error: /api/health[39m
AggregateError [ECONNREFUSED]: 
    at internalConnectMultiple (node:net:1339:18)
    at afterConnectMultiple (node:net:1942:7)
[2m3:43:31 PM[22m [31m[1m[vite][22m[39m [31mhttp proxy error: /api/health[39m
AggregateError [ECONNREFUSED]: 
    at internalConnectMultiple (node:net:1339:18)
    at afterConnectMultiple (node:net:1942:7)
[2m3:43:50 PM[22m [31m[1m[vite][22m[39m [31mhttp proxy error: /api/health[39m
AggregateError [ECONNREFUSED]: 
    at internalConnectMultiple (node:net:1339:18)
    at afterConnectMultiple (node:net:1942:7)
[2m3:43:58 PM[22m [31m[1m[vite][22m[39m [31mhttp proxy error: /api/gst/simulate[39m
AggregateError [ECONNREFUSED]: 
    at internalConnectMultiple (node:net:1339:18)
    at afterConnectMultiple (node:net:1942:7)
[2m3:43:58 PM[22m [31m[1m[vite][22m[39m [31mhttp proxy error: /api/gst/scenarios[39m
AggregateError [ECONNREFUSED]: 
    at internalConnectMultiple (node:net:1339:18)
    at afterConnectMultiple (node:net:1942:7)
[2m3:43:58 PM[22m [31m[1m[vite][22m[39m [31mhttp proxy error: /api/gst/risk[39m
AggregateError [ECONNREFUSED]: 
    at internalConnectMultiple (node:net:1339:18)
    at afterConnectMultiple (node:net:1942:7)
[2m3:44:01 PM[22m [31m[1m[vite][22m[39m [31mhttp proxy error: /api/health[39m
AggregateError [ECONNREFUSED]: 
    at internalConnectMultiple (node:net:1339:18)
    at afterConnectMultiple (node:net:1942:7)
[2m3:44:10 PM[22m [31m[1m[vite][22m[39m [31mhttp proxy error: /api/gst/simulate[39m
AggregateError [ECONNREFUSED]: 
    at internalConnectMultiple (node:net:1339:18)
    at afterConnectMultiple (node:net:1942:7)
[2m3:44:10 PM[22m [31m[1m[vite][22m[39m [31mhttp proxy error: /api/gst/scenarios[39m
AggregateError [ECONNREFUSED]: 
    at internalConnectMultiple (node:net:1339:18)
    at afterConnectMultiple (node:net:1942:7)
[2m3:44:10 PM[22m [31m[1m[vite][22m[39m [31mhttp proxy error: /api/gst/risk[39m
AggregateError [ECONNREFUSED]: 
    at internalConnectMultiple (node:net:1339:18)
    at afterConnectMultiple (node:net:1942:7)
[2m3:44:20 PM[22m [31m[1m[vite][22m[39m [31mhttp proxy error: /api/health[39m
AggregateError [ECONNREFUSED]: 
    at internalConnectMultiple (node:net:1339:18)
    at afterConnectMultiple (node:net:1942:7)
[2m3:44:23 PM[22m [31m[1m[vite][22m[39m [31mhttp proxy error: /api/gst/simulate[39m
AggregateError [ECONNREFUSED]: 
    at internalConnectMultiple (node:net:1339:18)
    at afterConnectMultiple (node:net:1942:7)
[2m3:44:23 PM[22m [31m[1m[vite][22m[39m [31mhttp proxy error: /api/gst/scenarios[39m
AggregateError [ECONNREFUSED]: 
    at internalConnectMultiple (node:net:1339:18)
    at afterConnectMultiple (node:net:1942:7)
[2m3:44:23 PM[22m [31m[1m[vite][22m[39m [31mhttp proxy error: /api/gst/risk[39m
AggregateError [ECONNREFUSED]: 
    at internalConnectMultiple (node:net:1339:18)
    at afterConnectMultiple (node:net:1942:7)
[2m3:44:31 PM[22m [31m[1m[vite][22m[39m [31mhttp proxy error: /api/health[39m
AggregateError [ECONNREFUSED]: 
    at internalConnectMultiple (node:net:1339:18)
    at afterConnectMultiple (node:net:1942:7)
[2m3:44:34 PM[22m [31m[1m[vite][22m[39m [31mhttp proxy error: /api/gst/simulate[39m
AggregateError [ECONNREFUSED]: 
    at internalConnectMultiple (node:net:1339:18)
    at afterConnectMultiple (node:net:1942:7)
[2m3:44:34 PM[22m [31m[1m[vite][22m[39m [31mhttp proxy error: /api/gst/scenarios[39m
AggregateError [ECONNREFUSED]: 
    at internalConnectMultiple (node:net:1339:18)
    at afterConnectMultiple (node:net:1942:7)
[2m3:44:34 PM[22m [31m[1m[vite][22m[39m [31mhttp proxy error: /api/gst/risk[39m
AggregateError [ECONNREFUSED]: 
    at internalConnectMultiple (node:net:1339:18)
    at afterConnectMultiple (node:net:1942:7)
[2m3:44:50 PM[22m [31m[1m[vite][22m[39m [31mhttp proxy error: /api/health[39m
AggregateError [ECONNREFUSED]: 
    at internalConnectMultiple (node:net:1339:18)
    at afterConnectMultiple (node:net:1942:7)
[2m3:45:01 PM[22m [31m[1m[vite][22m[39m [31mhttp proxy error: /api/health[39m
AggregateError [ECONNREFUSED]: 
    at internalConnectMultiple (node:net:1339:18)
    at afterConnectMultiple (node:net:1942:7)
[2m3:45:20 PM[22m [31m[1m[vite][22m[39m [31mhttp proxy error: /api/health[39m
AggregateError [ECONNREFUSED]: 
    at internalConnectMultiple (node:net:1339:18)
    at afterConnectMultiple (node:net:1942:7)
[2m3:45:31 PM[22m [31m[1m[vite][22m[39m [31mhttp proxy error: /api/health[39m
AggregateError [ECONNREFUSED]: 
    at internalConnectMultiple (node:net:1339:18)
    at afterConnectMultiple (node:net:1942:7)
[2m3:45:50 PM[22m [31m[1m[vite][22m[39m [31mhttp proxy error: /api/health[39m
AggregateError [ECONNREFUSED]: 
    at internalConnectMultiple (node:net:1339:18)
    at afterConnectMultiple (node:net:1942:7)
[2m3:46:01 PM[22m [31m[1m[vite][22m[39m [31mhttp proxy error: /api/health[39m
AggregateError [ECONNREFUSED]: 
    at internalConnectMultiple (node:net:1339:18)
    at afterConnectMultiple (node:net:1942:7)
[2m3:46:20 PM[22m [31m[1m[vite][22m[39m [31mhttp proxy error: /api/health[39m
AggregateError [ECONNREFUSED]: 
    at internalConnectMultiple (node:net:1339:18)
    at afterConnectMultiple (node:net:1942:7)
[2m3:46:31 PM[22m [31m[1m[vite][22m[39m [31mhttp proxy error: /api/health[39m
AggregateError [ECONNREFUSED]: 
    at internalConnectMultiple (node:net:1339:18)
    at afterConnectMultiple (node:net:1942:7)
[2m3:46:50 PM[22m [31m[1m[vite][22m[39m [31mhttp proxy error: /api/health[39m
AggregateError [ECONNREFUSED]: 
    at internalConnectMultiple (node:net:1339:18)
    at afterConnectMultiple (node:net:1942:7)
[2m3:47:01 PM[22m [31m[1m[vite][22m[39m [31mhttp proxy error: /api/health[39m
AggregateError [ECONNREFUSED]: 
    at internalConnectMultiple (node:net:1339:18)
    at afterConnectMultiple (node:net:1942:7)
[2m3:47:20 PM[22m [31m[1m[vite][22m[39m [31mhttp proxy error: /api/health[39m
AggregateError [ECONNREFUSED]: 
    at internalConnectMultiple (node:net:1339:18)
    at afterConnectMultiple (node:net:1942:7)
[2m3:47:31 PM[22m [31m[1m[vite][22m[39m [31mhttp proxy error: /api/health[39m
AggregateError [ECONNREFUSED]: 
    at internalConnectMultiple (node:net:1339:18)
    at afterConnectMultiple (node:net:1942:7)
[2m3:47:50 PM[22m [31m[1m[vite][22m[39m [31mhttp proxy error: /api/health[39m
AggregateError [ECONNREFUSED]: 
    at internalConnectMultiple (node:net:1339:18)
    at afterConnectMultiple (node:net:1942:7)
[2m3:48:01 PM[22m [31m[1m[vite][22m[39m [31mhttp proxy error: /api/health[39m
AggregateError [ECONNREFUSED]: 
    at internalConnectMultiple (node:net:1339:18)
    at afterConnectMultiple (node:net:1942:7)
[2m3:48:20 PM[22m [31m[1m[vite][22m[39m [31mhttp proxy error: /api/health[39m
AggregateError [ECONNREFUSED]: 
    at internalConnectMultiple (node:net:1339:18)
    at afterConnectMultiple (node:net:1942:7)
[2m3:48:31 PM[22m [31m[1m[vite][22m[39m [31mhttp proxy error: /api/health[39m
AggregateError [ECONNREFUSED]: 
    at internalConnectMultiple (node:net:1339:18)
    at afterConnectMultiple (node:net:1942:7)
[2m3:48:50 PM[22m [31m[1m[vite][22m[39m [31mhttp proxy error: /api/health[39m
AggregateError [ECONNREFUSED]: 
    at internalConnectMultiple (node:net:1339:18)
    at afterConnectMultiple (node:net:1942:7)
[2m3:49:01 PM[22m [31m[1m[vite][22m[39m [31mhttp proxy error: /api/health[39m
AggregateError [ECONNREFUSED]: 
    at internalConnectMultiple (node:net:1339:18)
    at afterConnectMultiple (node:net:1942:7)
[2m3:49:20 PM[22m [31m[1m[vite][22m[39m [31mhttp proxy error: /api/health[39m
AggregateError [ECONNREFUSED]: 
    at internalConnectMultiple (node:net:1339:18)
    at afterConnectMultiple (node:net:1942:7)
[2m3:49:31 PM[22m [31m[1m[vite][22m[39m [31mhttp proxy error: /api/health[39m
AggregateError [ECONNREFUSED]: 
    at internalConnectMultiple (node:net:1339:18)
    at afterConnectMultiple (node:net:1942:7)
[2m3:49:50 PM[22m [31m[1m[vite][22m[39m [31mhttp proxy error: /api/health[39m
AggregateError [ECONNREFUSED]: 
    at internalConnectMultiple (node:net:1339:18)
    at afterConnectMultiple (node:net:1942:7)
[2m3:50:01 PM[22m [31m[1m[vite][22m[39m [31mhttp proxy error: /api/health[39m
AggregateError [ECONNREFUSED]: 
    at internalConnectMultiple (node:net:1339:18)
    at afterConnectMultiple (node:net:1942:7)
[2m3:50:20 PM[22m [31m[1m[vite][22m[39m [31mhttp proxy error: /api/health[39m
AggregateError [ECONNREFUSED]: 
    at internalConnectMultiple (node:net:1339:18)
    at afterConnectMultiple (node:net:1942:7)
[2m3:50:31 PM[22m [31m[1m[vite][22m[39m [31mhttp proxy error: /api/health[39m
AggregateError [ECONNREFUSED]: 
    at internalConnectMultiple (node:net:1339:18)
    at afterConnectMultiple (node:net:1942:7)
[2m3:50:50 PM[22m [31m[1m[vite][22m[39m [31mhttp proxy error: /api/health[39m
AggregateError [ECONNREFUSED]: 
    at internalConnectMultiple (node:net:1339:18)
    at afterConnectMultiple (node:net:1942:7)
[2m3:51:01 PM[22m [31m[1m[vite][22m[39m [31mhttp proxy error: /api/health[39m
AggregateError [ECONNREFUSED]: 
    at internalConnectMultiple (node:net:1339:18)
    at afterConnectMultiple (node:net:1942:7)
[2m3:51:20 PM[22m [31m[1m[vite][22m[39m [31mhttp proxy error: /api/health[39m
AggregateError [ECONNREFUSED]: 
    at internalConnectMultiple (node:net:1339:18)
    at afterConnectMultiple (node:net:1942:7)
[2m3:51:31 PM[22m [31m[1m[vite][22m[39m [31mhttp proxy error: /api/health[39m
AggregateError [ECONNREFUSED]: 
    at internalConnectMultiple (node:net:1339:18)
    at afterConnectMultiple (node:net:1942:7)
[2m3:51:50 PM[22m [31m[1m[vite][22m[39m [31mhttp proxy error: /api/health[39m
AggregateError [ECONNREFUSED]: 
    at internalConnectMultiple (node:net:1339:18)
    at afterConnectMultiple (node:net:1942:7)
[2m3:52:01 PM[22m [31m[1m[vite][22m[39m [31mhttp proxy error: /api/health[39m
AggregateError [ECONNREFUSED]: 
    at internalConnectMultiple (node:net:1339:18)
    at afterConnectMultiple (node:net:1942:7)
[2m3:52:20 PM[22m [31m[1m[vite][22m[39m [31mhttp proxy error: /api/health[39m
AggregateError [ECONNREFUSED]: 
    at internalConnectMultiple (node:net:1339:18)
    at afterConnectMultiple (node:net:1942:7)
[2m3:52:31 PM[22m [31m[1m[vite][22m[39m [31mhttp proxy error: /api/health[39m
AggregateError [ECONNREFUSED]: 
    at internalConnectMultiple (node:net:1339:18)
    at afterConnectMultiple (node:net:1942:7)
